// Jest Snapshot v1, https://goo.gl/fbAQLP

exports[`App should be an instance of App component 1`] = `
<main>
  <Route
    exact={true}
    path="/"
    render={[Function]}
  />
  <Route
    path="/nav"
    render={[Function]}
  />
  <Route
    exact={true}
    path="/nav/areas"
    render={[Function]}
  />
  <Route
    exact={true}
    path="/nav/areas/:area_id/listings"
    render={[Function]}
  />
  <Route
    exact={true}
    path="/nav/areas/:area_id/listings/:listing_id"
    render={[Function]}
  />
</main>
`;
